../Core/Src/main.c:82:5:main	8	static
../Core/Src/main.c:140:6:SystemClock_Config	88	static
../Core/Src/main.c:187:13:MX_USART2_UART_Init	8	static
../Core/Src/main.c:218:13:MX_DMA_Init	16	static
../Core/Src/main.c:239:13:MX_GPIO_Init	48	static
../Core/Src/main.c:268:6:UARTDMAConfig	8	static
../Core/Src/main.c:272:6:DummyTask	16	static
../Core/Src/main.c:287:6:HAL_UART_RxCpltCallback	16	static
../Core/Src/main.c:299:6:main_state_machine	8	static
../Core/Src/main.c:377:6:Error_Handler	4	static,ignoring_inline_asm
