../Core/Src/main.c:82:5:main	8	static
../Core/Src/main.c:136:6:SystemClock_Config	88	static
../Core/Src/main.c:183:13:MX_USART2_UART_Init	8	static
../Core/Src/main.c:214:13:MX_DMA_Init	16	static
../Core/Src/main.c:235:13:MX_GPIO_Init	48	static
../Core/Src/main.c:264:6:UARTDMAConfig	8	static
../Core/Src/main.c:268:6:DummyTask	16	static
../Core/Src/main.c:285:6:HAL_UART_RxCpltCallback	16	static
../Core/Src/main.c:297:6:main_state_machine	8	static
../Core/Src/main.c:389:6:Error_Handler	4	static,ignoring_inline_asm
