23:38:35 **** Build of configuration Debug for project LAB_5 ****
make -j12 all 
arm-none-eabi-gcc "../Drivers/STM32F4xx_HAL_Driver/Src/stm32f4xx_hal.c" -mcpu=cortex-m4 -std=gnu11 -g3 -DDEBUG -DUSE_HAL_DRIVER -DSTM32F411xE -c -I../Core/Inc -I../Drivers/STM32F4xx_HAL_Driver/Inc -I../Drivers/STM32F4xx_HAL_Driver/Inc/Legacy -I../Drivers/CMSIS/Device/ST/STM32F4xx/Include -I../Drivers/CMSIS/Include -O0 -ffunction-sections -fdata-sections -Wall -fstack-usage -MMD -MP -MF"Drivers/STM32F4xx_HAL_Driver/Src/stm32f4xx_hal.d" -MT"Drivers/STM32F4xx_HAL_Driver/Src/stm32f4xx_hal.o" --specs=nano.specs -mfpu=fpv4-sp-d16 -mfloat-abi=hard -mthumb -o "Drivers/STM32F4xx_HAL_Driver/Src/stm32f4xx_hal.o"
arm-none-eabi-gcc "../Drivers/STM32F4xx_HAL_Driver/Src/stm32f4xx_hal_cortex.c" -mcpu=cortex-m4 -std=gnu11 -g3 -DDEBUG -DUSE_HAL_DRIVER -DSTM32F411xE -c -I../Core/Inc -I../Drivers/STM32F4xx_HAL_Driver/Inc -I../Drivers/STM32F4xx_HAL_Driver/Inc/Legacy -I../Drivers/CMSIS/Device/ST/STM32F4xx/Include -I../Drivers/CMSIS/Include -O0 -ffunction-sections -fdata-sections -Wall -fstack-usage -MMD -MP -MF"Drivers/STM32F4xx_HAL_Driver/Src/stm32f4xx_hal_cortex.d" -MT"Drivers/STM32F4xx_HAL_Driver/Src/stm32f4xx_hal_cortex.o" --specs=nano.specs -mfpu=fpv4-sp-d16 -mfloat-abi=hard -mthumb -o "Drivers/STM32F4xx_HAL_Driver/Src/stm32f4xx_hal_cortex.o"
arm-none-eabi-gcc "../Drivers/STM32F4xx_HAL_Driver/Src/stm32f4xx_hal_dma.c" -mcpu=cortex-m4 -std=gnu11 -g3 -DDEBUG -DUSE_HAL_DRIVER -DSTM32F411xE -c -I../Core/Inc -I../Drivers/STM32F4xx_HAL_Driver/Inc -I../Drivers/STM32F4xx_HAL_Driver/Inc/Legacy -I../Drivers/CMSIS/Device/ST/STM32F4xx/Include -I../Drivers/CMSIS/Include -O0 -ffunction-sections -fdata-sections -Wall -fstack-usage -MMD -MP -MF"Drivers/STM32F4xx_HAL_Driver/Src/stm32f4xx_hal_dma.d" -MT"Drivers/STM32F4xx_HAL_Driver/Src/stm32f4xx_hal_dma.o" --specs=nano.specs -mfpu=fpv4-sp-d16 -mfloat-abi=hard -mthumb -o "Drivers/STM32F4xx_HAL_Driver/Src/stm32f4xx_hal_dma.o"
arm-none-eabi-gcc "../Drivers/STM32F4xx_HAL_Driver/Src/stm32f4xx_hal_dma_ex.c" -mcpu=cortex-m4 -std=gnu11 -g3 -DDEBUG -DUSE_HAL_DRIVER -DSTM32F411xE -c -I../Core/Inc -I../Drivers/STM32F4xx_HAL_Driver/Inc -I../Drivers/STM32F4xx_HAL_Driver/Inc/Legacy -I../Drivers/CMSIS/Device/ST/STM32F4xx/Include -I../Drivers/CMSIS/Include -O0 -ffunction-sections -fdata-sections -Wall -fstack-usage -MMD -MP -MF"Drivers/STM32F4xx_HAL_Driver/Src/stm32f4xx_hal_dma_ex.d" -MT"Drivers/STM32F4xx_HAL_Driver/Src/stm32f4xx_hal_dma_ex.o" --specs=nano.specs -mfpu=fpv4-sp-d16 -mfloat-abi=hard -mthumb -o "Drivers/STM32F4xx_HAL_Driver/Src/stm32f4xx_hal_dma_ex.o"
arm-none-eabi-gcc "../Drivers/STM32F4xx_HAL_Driver/Src/stm32f4xx_hal_exti.c" -mcpu=cortex-m4 -std=gnu11 -g3 -DDEBUG -DUSE_HAL_DRIVER -DSTM32F411xE -c -I../Core/Inc -I../Drivers/STM32F4xx_HAL_Driver/Inc -I../Drivers/STM32F4xx_HAL_Driver/Inc/Legacy -I../Drivers/CMSIS/Device/ST/STM32F4xx/Include -I../Drivers/CMSIS/Include -O0 -ffunction-sections -fdata-sections -Wall -fstack-usage -MMD -MP -MF"Drivers/STM32F4xx_HAL_Driver/Src/stm32f4xx_hal_exti.d" -MT"Drivers/STM32F4xx_HAL_Driver/Src/stm32f4xx_hal_exti.o" --specs=nano.specs -mfpu=fpv4-sp-d16 -mfloat-abi=hard -mthumb -o "Drivers/STM32F4xx_HAL_Driver/Src/stm32f4xx_hal_exti.o"
arm-none-eabi-gcc "../Drivers/STM32F4xx_HAL_Driver/Src/stm32f4xx_hal_flash.c" -mcpu=cortex-m4 -std=gnu11 -g3 -DDEBUG -DUSE_HAL_DRIVER -DSTM32F411xE -c -I../Core/Inc -I../Drivers/STM32F4xx_HAL_Driver/Inc -I../Drivers/STM32F4xx_HAL_Driver/Inc/Legacy -I../Drivers/CMSIS/Device/ST/STM32F4xx/Include -I../Drivers/CMSIS/Include -O0 -ffunction-sections -fdata-sections -Wall -fstack-usage -MMD -MP -MF"Drivers/STM32F4xx_HAL_Driver/Src/stm32f4xx_hal_flash.d" -MT"Drivers/STM32F4xx_HAL_Driver/Src/stm32f4xx_hal_flash.o" --specs=nano.specs -mfpu=fpv4-sp-d16 -mfloat-abi=hard -mthumb -o "Drivers/STM32F4xx_HAL_Driver/Src/stm32f4xx_hal_flash.o"
arm-none-eabi-gcc "../Drivers/STM32F4xx_HAL_Driver/Src/stm32f4xx_hal_flash_ex.c" -mcpu=cortex-m4 -std=gnu11 -g3 -DDEBUG -DUSE_HAL_DRIVER -DSTM32F411xE -c -I../Core/Inc -I../Drivers/STM32F4xx_HAL_Driver/Inc -I../Drivers/STM32F4xx_HAL_Driver/Inc/Legacy -I../Drivers/CMSIS/Device/ST/STM32F4xx/Include -I../Drivers/CMSIS/Include -O0 -ffunction-sections -fdata-sections -Wall -fstack-usage -MMD -MP -MF"Drivers/STM32F4xx_HAL_Driver/Src/stm32f4xx_hal_flash_ex.d" -MT"Drivers/STM32F4xx_HAL_Driver/Src/stm32f4xx_hal_flash_ex.o" --specs=nano.specs -mfpu=fpv4-sp-d16 -mfloat-abi=hard -mthumb -o "Drivers/STM32F4xx_HAL_Driver/Src/stm32f4xx_hal_flash_ex.o"
arm-none-eabi-gcc "../Drivers/STM32F4xx_HAL_Driver/Src/stm32f4xx_hal_flash_ramfunc.c" -mcpu=cortex-m4 -std=gnu11 -g3 -DDEBUG -DUSE_HAL_DRIVER -DSTM32F411xE -c -I../Core/Inc -I../Drivers/STM32F4xx_HAL_Driver/Inc -I../Drivers/STM32F4xx_HAL_Driver/Inc/Legacy -I../Drivers/CMSIS/Device/ST/STM32F4xx/Include -I../Drivers/CMSIS/Include -O0 -ffunction-sections -fdata-sections -Wall -fstack-usage -MMD -MP -MF"Drivers/STM32F4xx_HAL_Driver/Src/stm32f4xx_hal_flash_ramfunc.d" -MT"Drivers/STM32F4xx_HAL_Driver/Src/stm32f4xx_hal_flash_ramfunc.o" --specs=nano.specs -mfpu=fpv4-sp-d16 -mfloat-abi=hard -mthumb -o "Drivers/STM32F4xx_HAL_Driver/Src/stm32f4xx_hal_flash_ramfunc.o"
arm-none-eabi-gcc "../Drivers/STM32F4xx_HAL_Driver/Src/stm32f4xx_hal_gpio.c" -mcpu=cortex-m4 -std=gnu11 -g3 -DDEBUG -DUSE_HAL_DRIVER -DSTM32F411xE -c -I../Core/Inc -I../Drivers/STM32F4xx_HAL_Driver/Inc -I../Drivers/STM32F4xx_HAL_Driver/Inc/Legacy -I../Drivers/CMSIS/Device/ST/STM32F4xx/Include -I../Drivers/CMSIS/Include -O0 -ffunction-sections -fdata-sections -Wall -fstack-usage -MMD -MP -MF"Drivers/STM32F4xx_HAL_Driver/Src/stm32f4xx_hal_gpio.d" -MT"Drivers/STM32F4xx_HAL_Driver/Src/stm32f4xx_hal_gpio.o" --specs=nano.specs -mfpu=fpv4-sp-d16 -mfloat-abi=hard -mthumb -o "Drivers/STM32F4xx_HAL_Driver/Src/stm32f4xx_hal_gpio.o"
arm-none-eabi-gcc "../Drivers/STM32F4xx_HAL_Driver/Src/stm32f4xx_hal_pwr.c" -mcpu=cortex-m4 -std=gnu11 -g3 -DDEBUG -DUSE_HAL_DRIVER -DSTM32F411xE -c -I../Core/Inc -I../Drivers/STM32F4xx_HAL_Driver/Inc -I../Drivers/STM32F4xx_HAL_Driver/Inc/Legacy -I../Drivers/CMSIS/Device/ST/STM32F4xx/Include -I../Drivers/CMSIS/Include -O0 -ffunction-sections -fdata-sections -Wall -fstack-usage -MMD -MP -MF"Drivers/STM32F4xx_HAL_Driver/Src/stm32f4xx_hal_pwr.d" -MT"Drivers/STM32F4xx_HAL_Driver/Src/stm32f4xx_hal_pwr.o" --specs=nano.specs -mfpu=fpv4-sp-d16 -mfloat-abi=hard -mthumb -o "Drivers/STM32F4xx_HAL_Driver/Src/stm32f4xx_hal_pwr.o"
arm-none-eabi-gcc "../Drivers/STM32F4xx_HAL_Driver/Src/stm32f4xx_hal_pwr_ex.c" -mcpu=cortex-m4 -std=gnu11 -g3 -DDEBUG -DUSE_HAL_DRIVER -DSTM32F411xE -c -I../Core/Inc -I../Drivers/STM32F4xx_HAL_Driver/Inc -I../Drivers/STM32F4xx_HAL_Driver/Inc/Legacy -I../Drivers/CMSIS/Device/ST/STM32F4xx/Include -I../Drivers/CMSIS/Include -O0 -ffunction-sections -fdata-sections -Wall -fstack-usage -MMD -MP -MF"Drivers/STM32F4xx_HAL_Driver/Src/stm32f4xx_hal_pwr_ex.d" -MT"Drivers/STM32F4xx_HAL_Driver/Src/stm32f4xx_hal_pwr_ex.o" --specs=nano.specs -mfpu=fpv4-sp-d16 -mfloat-abi=hard -mthumb -o "Drivers/STM32F4xx_HAL_Driver/Src/stm32f4xx_hal_pwr_ex.o"
arm-none-eabi-gcc "../Drivers/STM32F4xx_HAL_Driver/Src/stm32f4xx_hal_rcc.c" -mcpu=cortex-m4 -std=gnu11 -g3 -DDEBUG -DUSE_HAL_DRIVER -DSTM32F411xE -c -I../Core/Inc -I../Drivers/STM32F4xx_HAL_Driver/Inc -I../Drivers/STM32F4xx_HAL_Driver/Inc/Legacy -I../Drivers/CMSIS/Device/ST/STM32F4xx/Include -I../Drivers/CMSIS/Include -O0 -ffunction-sections -fdata-sections -Wall -fstack-usage -MMD -MP -MF"Drivers/STM32F4xx_HAL_Driver/Src/stm32f4xx_hal_rcc.d" -MT"Drivers/STM32F4xx_HAL_Driver/Src/stm32f4xx_hal_rcc.o" --specs=nano.specs -mfpu=fpv4-sp-d16 -mfloat-abi=hard -mthumb -o "Drivers/STM32F4xx_HAL_Driver/Src/stm32f4xx_hal_rcc.o"
arm-none-eabi-gcc "../Drivers/STM32F4xx_HAL_Driver/Src/stm32f4xx_hal_rcc_ex.c" -mcpu=cortex-m4 -std=gnu11 -g3 -DDEBUG -DUSE_HAL_DRIVER -DSTM32F411xE -c -I../Core/Inc -I../Drivers/STM32F4xx_HAL_Driver/Inc -I../Drivers/STM32F4xx_HAL_Driver/Inc/Legacy -I../Drivers/CMSIS/Device/ST/STM32F4xx/Include -I../Drivers/CMSIS/Include -O0 -ffunction-sections -fdata-sections -Wall -fstack-usage -MMD -MP -MF"Drivers/STM32F4xx_HAL_Driver/Src/stm32f4xx_hal_rcc_ex.d" -MT"Drivers/STM32F4xx_HAL_Driver/Src/stm32f4xx_hal_rcc_ex.o" --specs=nano.specs -mfpu=fpv4-sp-d16 -mfloat-abi=hard -mthumb -o "Drivers/STM32F4xx_HAL_Driver/Src/stm32f4xx_hal_rcc_ex.o"
arm-none-eabi-gcc "../Drivers/STM32F4xx_HAL_Driver/Src/stm32f4xx_hal_tim.c" -mcpu=cortex-m4 -std=gnu11 -g3 -DDEBUG -DUSE_HAL_DRIVER -DSTM32F411xE -c -I../Core/Inc -I../Drivers/STM32F4xx_HAL_Driver/Inc -I../Drivers/STM32F4xx_HAL_Driver/Inc/Legacy -I../Drivers/CMSIS/Device/ST/STM32F4xx/Include -I../Drivers/CMSIS/Include -O0 -ffunction-sections -fdata-sections -Wall -fstack-usage -MMD -MP -MF"Drivers/STM32F4xx_HAL_Driver/Src/stm32f4xx_hal_tim.d" -MT"Drivers/STM32F4xx_HAL_Driver/Src/stm32f4xx_hal_tim.o" --specs=nano.specs -mfpu=fpv4-sp-d16 -mfloat-abi=hard -mthumb -o "Drivers/STM32F4xx_HAL_Driver/Src/stm32f4xx_hal_tim.o"
arm-none-eabi-gcc "../Drivers/STM32F4xx_HAL_Driver/Src/stm32f4xx_hal_tim_ex.c" -mcpu=cortex-m4 -std=gnu11 -g3 -DDEBUG -DUSE_HAL_DRIVER -DSTM32F411xE -c -I../Core/Inc -I../Drivers/STM32F4xx_HAL_Driver/Inc -I../Drivers/STM32F4xx_HAL_Driver/Inc/Legacy -I../Drivers/CMSIS/Device/ST/STM32F4xx/Include -I../Drivers/CMSIS/Include -O0 -ffunction-sections -fdata-sections -Wall -fstack-usage -MMD -MP -MF"Drivers/STM32F4xx_HAL_Driver/Src/stm32f4xx_hal_tim_ex.d" -MT"Drivers/STM32F4xx_HAL_Driver/Src/stm32f4xx_hal_tim_ex.o" --specs=nano.specs -mfpu=fpv4-sp-d16 -mfloat-abi=hard -mthumb -o "Drivers/STM32F4xx_HAL_Driver/Src/stm32f4xx_hal_tim_ex.o"
arm-none-eabi-gcc "../Drivers/STM32F4xx_HAL_Driver/Src/stm32f4xx_hal_uart.c" -mcpu=cortex-m4 -std=gnu11 -g3 -DDEBUG -DUSE_HAL_DRIVER -DSTM32F411xE -c -I../Core/Inc -I../Drivers/STM32F4xx_HAL_Driver/Inc -I../Drivers/STM32F4xx_HAL_Driver/Inc/Legacy -I../Drivers/CMSIS/Device/ST/STM32F4xx/Include -I../Drivers/CMSIS/Include -O0 -ffunction-sections -fdata-sections -Wall -fstack-usage -MMD -MP -MF"Drivers/STM32F4xx_HAL_Driver/Src/stm32f4xx_hal_uart.d" -MT"Drivers/STM32F4xx_HAL_Driver/Src/stm32f4xx_hal_uart.o" --specs=nano.specs -mfpu=fpv4-sp-d16 -mfloat-abi=hard -mthumb -o "Drivers/STM32F4xx_HAL_Driver/Src/stm32f4xx_hal_uart.o"
arm-none-eabi-gcc -mcpu=cortex-m4 -g3 -DDEBUG -c -x assembler-with-cpp -MMD -MP -MF"Core/Startup/startup_stm32f411retx.d" -MT"Core/Startup/startup_stm32f411retx.o" --specs=nano.specs -mfpu=fpv4-sp-d16 -mfloat-abi=hard -mthumb -o "Core/Startup/startup_stm32f411retx.o" "../Core/Startup/startup_stm32f411retx.s"
arm-none-eabi-gcc "../Core/Src/main.c" -mcpu=cortex-m4 -std=gnu11 -g3 -DDEBUG -DUSE_HAL_DRIVER -DSTM32F411xE -c -I../Core/Inc -I../Drivers/STM32F4xx_HAL_Driver/Inc -I../Drivers/STM32F4xx_HAL_Driver/Inc/Legacy -I../Drivers/CMSIS/Device/ST/STM32F4xx/Include -I../Drivers/CMSIS/Include -O0 -ffunction-sections -fdata-sections -Wall -fstack-usage -MMD -MP -MF"Core/Src/main.d" -MT"Core/Src/main.o" --specs=nano.specs -mfpu=fpv4-sp-d16 -mfloat-abi=hard -mthumb -o "Core/Src/main.o"
arm-none-eabi-gcc "../Core/Src/stm32f4xx_hal_msp.c" -mcpu=cortex-m4 -std=gnu11 -g3 -DDEBUG -DUSE_HAL_DRIVER -DSTM32F411xE -c -I../Core/Inc -I../Drivers/STM32F4xx_HAL_Driver/Inc -I../Drivers/STM32F4xx_HAL_Driver/Inc/Legacy -I../Drivers/CMSIS/Device/ST/STM32F4xx/Include -I../Drivers/CMSIS/Include -O0 -ffunction-sections -fdata-sections -Wall -fstack-usage -MMD -MP -MF"Core/Src/stm32f4xx_hal_msp.d" -MT"Core/Src/stm32f4xx_hal_msp.o" --specs=nano.specs -mfpu=fpv4-sp-d16 -mfloat-abi=hard -mthumb -o "Core/Src/stm32f4xx_hal_msp.o"
arm-none-eabi-gcc "../Core/Src/stm32f4xx_it.c" -mcpu=cortex-m4 -std=gnu11 -g3 -DDEBUG -DUSE_HAL_DRIVER -DSTM32F411xE -c -I../Core/Inc -I../Drivers/STM32F4xx_HAL_Driver/Inc -I../Drivers/STM32F4xx_HAL_Driver/Inc/Legacy -I../Drivers/CMSIS/Device/ST/STM32F4xx/Include -I../Drivers/CMSIS/Include -O0 -ffunction-sections -fdata-sections -Wall -fstack-usage -MMD -MP -MF"Core/Src/stm32f4xx_it.d" -MT"Core/Src/stm32f4xx_it.o" --specs=nano.specs -mfpu=fpv4-sp-d16 -mfloat-abi=hard -mthumb -o "Core/Src/stm32f4xx_it.o"
arm-none-eabi-gcc "../Core/Src/syscalls.c" -mcpu=cortex-m4 -std=gnu11 -g3 -DDEBUG -DUSE_HAL_DRIVER -DSTM32F411xE -c -I../Core/Inc -I../Drivers/STM32F4xx_HAL_Driver/Inc -I../Drivers/STM32F4xx_HAL_Driver/Inc/Legacy -I../Drivers/CMSIS/Device/ST/STM32F4xx/Include -I../Drivers/CMSIS/Include -O0 -ffunction-sections -fdata-sections -Wall -fstack-usage -MMD -MP -MF"Core/Src/syscalls.d" -MT"Core/Src/syscalls.o" --specs=nano.specs -mfpu=fpv4-sp-d16 -mfloat-abi=hard -mthumb -o "Core/Src/syscalls.o"
arm-none-eabi-gcc "../Core/Src/sysmem.c" -mcpu=cortex-m4 -std=gnu11 -g3 -DDEBUG -DUSE_HAL_DRIVER -DSTM32F411xE -c -I../Core/Inc -I../Drivers/STM32F4xx_HAL_Driver/Inc -I../Drivers/STM32F4xx_HAL_Driver/Inc/Legacy -I../Drivers/CMSIS/Device/ST/STM32F4xx/Include -I../Drivers/CMSIS/Include -O0 -ffunction-sections -fdata-sections -Wall -fstack-usage -MMD -MP -MF"Core/Src/sysmem.d" -MT"Core/Src/sysmem.o" --specs=nano.specs -mfpu=fpv4-sp-d16 -mfloat-abi=hard -mthumb -o "Core/Src/sysmem.o"
arm-none-eabi-gcc "../Core/Src/system_stm32f4xx.c" -mcpu=cortex-m4 -std=gnu11 -g3 -DDEBUG -DUSE_HAL_DRIVER -DSTM32F411xE -c -I../Core/Inc -I../Drivers/STM32F4xx_HAL_Driver/Inc -I../Drivers/STM32F4xx_HAL_Driver/Inc/Legacy -I../Drivers/CMSIS/Device/ST/STM32F4xx/Include -I../Drivers/CMSIS/Include -O0 -ffunction-sections -fdata-sections -Wall -fstack-usage -MMD -MP -MF"Core/Src/system_stm32f4xx.d" -MT"Core/Src/system_stm32f4xx.o" --specs=nano.specs -mfpu=fpv4-sp-d16 -mfloat-abi=hard -mthumb -o "Core/Src/system_stm32f4xx.o"
../Core/Src/main.c: In function 'main':
../Core/Src/main.c:115:28: warning: too many arguments for format [-Wformat-extra-args]
  115 |   sprintf((char*)TxBuffer, " *** [Please choose which of these 2 modes] ***\n\n LED CONTROL\n1: BUTTON STATUS\r\n", sizeof(TxBuffer));
      |                            ^~~~~~~~~~~~~~~~~~~~~~~~~~~~~~~~~~~~~~~~~~~~~~~~~~~~~~~~~~~~~~~~~~~~~~~~~~~~~~~~~~~~~~~
../Core/Src/main.c:122:3: warning: implicit declaration of function 'UARTDMAConfig' [-Wimplicit-function-declaration]
  122 |   UARTDMAConfig();
      |   ^~~~~~~~~~~~~
../Core/Src/main.c:126:4: warning: implicit declaration of function 'main_state_machine' [-Wimplicit-function-declaration]
  126 |    main_state_machine();
      |    ^~~~~~~~~~~~~~~~~~
../Core/Src/main.c:127:4: warning: implicit declaration of function 'DummyTask' [-Wimplicit-function-declaration]
  127 |    DummyTask();
      |    ^~~~~~~~~
../Core/Src/main.c: At top level:
../Core/Src/main.c:267:6: warning: conflicting types for 'UARTDMAConfig'
  267 | void UARTDMAConfig(){
      |      ^~~~~~~~~~~~~
../Core/Src/main.c:122:3: note: previous implicit declaration of 'UARTDMAConfig' was here
  122 |   UARTDMAConfig();
      |   ^~~~~~~~~~~~~
../Core/Src/main.c:271:6: warning: conflicting types for 'DummyTask'
  271 | void DummyTask()
      |      ^~~~~~~~~
../Core/Src/main.c:127:4: note: previous implicit declaration of 'DummyTask' was here
  127 |    DummyTask();
      |    ^~~~~~~~~
../Core/Src/main.c:298:6: warning: conflicting types for 'main_state_machine'
  298 | void main_state_machine(){
      |      ^~~~~~~~~~~~~~~~~~
../Core/Src/main.c:126:4: note: previous implicit declaration of 'main_state_machine' was here
  126 |    main_state_machine();
      |    ^~~~~~~~~~~~~~~~~~
../Core/Src/main.c: In function 'main_state_machine':
../Core/Src/main.c:299:2: warning: enumeration value 'Speed_Up' not handled in switch [-Wswitch]
  299 |  switch (status){
      |  ^~~~~~
../Core/Src/main.c:299:2: warning: enumeration value 'Speed_Down' not handled in switch [-Wswitch]
../Core/Src/main.c:299:2: warning: enumeration value 'On_off' not handled in switch [-Wswitch]
../Core/Src/main.c:299:2: warning: enumeration value 'back' not handled in switch [-Wswitch]
../Core/Src/main.c:299:2: warning: enumeration value 'show_button_status' not handled in switch [-Wswitch]
../Core/Src/main.c: In function 'main':
../Core/Src/main.c:115:69: warning: ' *** [Please choose which of...' directive writing 80 bytes into a region of size 40 [-Wformat-overflow=]
  115 |   sprintf((char*)TxBuffer, " *** [Please choose which of these 2 modes] ***\n\n LED CONTROL\n1: BUTTON STATUS\r\n", sizeof(TxBuffer));
      |                             ~~~~~~~~~~~~~~~~~~~~~~~~~~~~~~~~~~~~~~~~^~~~~~~~~~~~~~~~~~~~~~~~~~~~~~~~~~~~~~~~~~~~~
../Core/Src/main.c:115:3: note: 'sprintf' output 81 bytes into a destination of size 40
  115 |   sprintf((char*)TxBuffer, " *** [Please choose which of these 2 modes] ***\n\n LED CONTROL\n1: BUTTON STATUS\r\n", sizeof(TxBuffer));
      |   ^~~~~~~~~~~~~~~~~~~~~~~~~~~~~~~~~~~~~~~~~~~~~~~~~~~~~~~~~~~~~~~~~~~~~~~~~~~~~~~~~~~~~~~~~~~~~~~~~~~~~~~~~~~~~~~~~~~~~~~~~~~~~~~~~~~
arm-none-eabi-gcc -o "LAB_5.elf" @"objects.list"   -mcpu=cortex-m4 -T"D:\Github\LAB5\LAB_5\STM32F411RETX_FLASH.ld" --specs=nosys.specs -Wl,-Map="LAB_5.map" -Wl,--gc-sections -static --specs=nano.specs -mfpu=fpv4-sp-d16 -mfloat-abi=hard -mthumb -Wl,--start-group -lc -lm -Wl,--end-group
Finished building target: LAB_5.elf
 
arm-none-eabi-size   LAB_5.elf 
arm-none-eabi-objdump -h -S  LAB_5.elf  > "LAB_5.list"
   text	   data	    bss	    dec	    hex	filename
  13844	    124	   1732	  15700	   3d54	LAB_5.elf
Finished building: default.size.stdout
 
Finished building: LAB_5.list
 
23:40:09 **** Incremental Build of configuration Debug for project LAB_5 ****
make -j12 all 
arm-none-eabi-gcc "../Core/Src/main.c" -mcpu=cortex-m4 -std=gnu11 -g3 -DDEBUG -DUSE_HAL_DRIVER -DSTM32F411xE -c -I../Core/Inc -I../Drivers/STM32F4xx_HAL_Driver/Inc -I../Drivers/STM32F4xx_HAL_Driver/Inc/Legacy -I../Drivers/CMSIS/Device/ST/STM32F4xx/Include -I../Drivers/CMSIS/Include -O0 -ffunction-sections -fdata-sections -Wall -fstack-usage -MMD -MP -MF"Core/Src/main.d" -MT"Core/Src/main.o" --specs=nano.specs -mfpu=fpv4-sp-d16 -mfloat-abi=hard -mthumb -o "Core/Src/main.o"
../Core/Src/main.c: In function 'main':
../Core/Src/main.c:115:28: warning: too many arguments for format [-Wformat-extra-args]
  115 |   sprintf((char*)TxBuffer, " *** [Please choose which of these 2 modes] ***\n\n LED CONTROL\n1: BUTTON STATUS\r\n", sizeof(TxBuffer));
      |                            ^~~~~~~~~~~~~~~~~~~~~~~~~~~~~~~~~~~~~~~~~~~~~~~~~~~~~~~~~~~~~~~~~~~~~~~~~~~~~~~~~~~~~~~
../Core/Src/main.c:122:3: warning: implicit declaration of function 'UARTDMAConfig' [-Wimplicit-function-declaration]
  122 |   UARTDMAConfig();
      |   ^~~~~~~~~~~~~
../Core/Src/main.c:126:4: warning: implicit declaration of function 'main_state_machine' [-Wimplicit-function-declaration]
  126 |    main_state_machine();
      |    ^~~~~~~~~~~~~~~~~~
../Core/Src/main.c:127:4: warning: implicit declaration of function 'DummyTask' [-Wimplicit-function-declaration]
  127 |    DummyTask();
      |    ^~~~~~~~~
../Core/Src/main.c: At top level:
../Core/Src/main.c:267:6: warning: conflicting types for 'UARTDMAConfig'
  267 | void UARTDMAConfig(){
      |      ^~~~~~~~~~~~~
../Core/Src/main.c:122:3: note: previous implicit declaration of 'UARTDMAConfig' was here
  122 |   UARTDMAConfig();
      |   ^~~~~~~~~~~~~
../Core/Src/main.c:271:6: warning: conflicting types for 'DummyTask'
  271 | void DummyTask()
      |      ^~~~~~~~~
../Core/Src/main.c:127:4: note: previous implicit declaration of 'DummyTask' was here
  127 |    DummyTask();
      |    ^~~~~~~~~
../Core/Src/main.c:298:6: warning: conflicting types for 'main_state_machine'
  298 | void main_state_machine(){
      |      ^~~~~~~~~~~~~~~~~~
../Core/Src/main.c:126:4: note: previous implicit declaration of 'main_state_machine' was here
  126 |    main_state_machine();
      |    ^~~~~~~~~~~~~~~~~~
../Core/Src/main.c: In function 'main_state_machine':
../Core/Src/main.c:299:2: warning: enumeration value 'Speed_Up' not handled in switch [-Wswitch]
  299 |  switch (status){
      |  ^~~~~~
../Core/Src/main.c:299:2: warning: enumeration value 'Speed_Down' not handled in switch [-Wswitch]
../Core/Src/main.c:299:2: warning: enumeration value 'On_off' not handled in switch [-Wswitch]
../Core/Src/main.c:299:2: warning: enumeration value 'back' not handled in switch [-Wswitch]
../Core/Src/main.c:299:2: warning: enumeration value 'show_button_status' not handled in switch [-Wswitch]
../Core/Src/main.c: In function 'main':
../Core/Src/main.c:115:69: warning: ' *** [Please choose which of...' directive writing 80 bytes into a region of size 40 [-Wformat-overflow=]
  115 |   sprintf((char*)TxBuffer, " *** [Please choose which of these 2 modes] ***\n\n LED CONTROL\n1: BUTTON STATUS\r\n", sizeof(TxBuffer));
      |                             ~~~~~~~~~~~~~~~~~~~~~~~~~~~~~~~~~~~~~~~~^~~~~~~~~~~~~~~~~~~~~~~~~~~~~~~~~~~~~~~~~~~~~
../Core/Src/main.c:115:3: note: 'sprintf' output 81 bytes into a destination of size 40
  115 |   sprintf((char*)TxBuffer, " *** [Please choose which of these 2 modes] ***\n\n LED CONTROL\n1: BUTTON STATUS\r\n", sizeof(TxBuffer));
      |   ^~~~~~~~~~~~~~~~~~~~~~~~~~~~~~~~~~~~~~~~~~~~~~~~~~~~~~~~~~~~~~~~~~~~~~~~~~~~~~~~~~~~~~~~~~~~~~~~~~~~~~~~~~~~~~~~~~~~~~~~~~~~~~~~~~~
arm-none-eabi-gcc -o "LAB_5.elf" @"objects.list"   -mcpu=cortex-m4 -T"D:\Github\LAB5\LAB_5\STM32F411RETX_FLASH.ld" --specs=nosys.specs -Wl,-Map="LAB_5.map" -Wl,--gc-sections -static --specs=nano.specs -mfpu=fpv4-sp-d16 -mfloat-abi=hard -mthumb -Wl,--start-group -lc -lm -Wl,--end-group
Finished building target: LAB_5.elf
 
arm-none-eabi-size   LAB_5.elf 
arm-none-eabi-objdump -h -S  LAB_5.elf  > "LAB_5.list"
   text	   data	    bss	    dec	    hex	filename
  13844	    124	   1732	  15700	   3d54	LAB_5.elf
Finished building: default.size.stdout
 
Finished building: LAB_5.list
 
23:41:07 **** Incremental Build of configuration Debug for project LAB_5 ****
make -j12 all 
arm-none-eabi-size   LAB_5.elf 
   text	   data	    bss	    dec	    hex	filename
  13844	    124	   1732	  15700	   3d54	LAB_5.elf
Finished building: default.size.stdout
 
23:42:52 **** Incremental Build of configuration Debug for project LAB_5 ****
make -j12 all 
arm-none-eabi-gcc "../Core/Src/stm32f4xx_hal_msp.c" -mcpu=cortex-m4 -std=gnu11 -g3 -DDEBUG -DUSE_HAL_DRIVER -DSTM32F411xE -c -I../Core/Inc -I../Drivers/STM32F4xx_HAL_Driver/Inc -I../Drivers/STM32F4xx_HAL_Driver/Inc/Legacy -I../Drivers/CMSIS/Device/ST/STM32F4xx/Include -I../Drivers/CMSIS/Include -O0 -ffunction-sections -fdata-sections -Wall -fstack-usage -MMD -MP -MF"Core/Src/stm32f4xx_hal_msp.d" -MT"Core/Src/stm32f4xx_hal_msp.o" --specs=nano.specs -mfpu=fpv4-sp-d16 -mfloat-abi=hard -mthumb -o "Core/Src/stm32f4xx_hal_msp.o"
arm-none-eabi-gcc "../Core/Src/stm32f4xx_it.c" -mcpu=cortex-m4 -std=gnu11 -g3 -DDEBUG -DUSE_HAL_DRIVER -DSTM32F411xE -c -I../Core/Inc -I../Drivers/STM32F4xx_HAL_Driver/Inc -I../Drivers/STM32F4xx_HAL_Driver/Inc/Legacy -I../Drivers/CMSIS/Device/ST/STM32F4xx/Include -I../Drivers/CMSIS/Include -O0 -ffunction-sections -fdata-sections -Wall -fstack-usage -MMD -MP -MF"Core/Src/stm32f4xx_it.d" -MT"Core/Src/stm32f4xx_it.o" --specs=nano.specs -mfpu=fpv4-sp-d16 -mfloat-abi=hard -mthumb -o "Core/Src/stm32f4xx_it.o"
arm-none-eabi-gcc -o "LAB_5.elf" @"objects.list"   -mcpu=cortex-m4 -T"D:\Github\LAB5\LAB_5\STM32F411RETX_FLASH.ld" --specs=nosys.specs -Wl,-Map="LAB_5.map" -Wl,--gc-sections -static --specs=nano.specs -mfpu=fpv4-sp-d16 -mfloat-abi=hard -mthumb -Wl,--start-group -lc -lm -Wl,--end-group
Finished building target: LAB_5.elf
 
arm-none-eabi-size   LAB_5.elf 
arm-none-eabi-objdump -h -S  LAB_5.elf  > "LAB_5.list"
   text	   data	    bss	    dec	    hex	filename
  17864	    124	   1924	  19912	   4dc8	LAB_5.elf
Finished building: default.size.stdout
 
Finished building: LAB_5.list
 
23:48:07 **** Incremental Build of configuration Debug for project LAB_5 ****
make -j12 all 
arm-none-eabi-gcc "../Core/Src/main.c" -mcpu=cortex-m4 -std=gnu11 -g3 -DDEBUG -DUSE_HAL_DRIVER -DSTM32F411xE -c -I../Core/Inc -I../Drivers/STM32F4xx_HAL_Driver/Inc -I../Drivers/STM32F4xx_HAL_Driver/Inc/Legacy -I../Drivers/CMSIS/Device/ST/STM32F4xx/Include -I../Drivers/CMSIS/Include -O0 -ffunction-sections -fdata-sections -Wall -fstack-usage -MMD -MP -MF"Core/Src/main.d" -MT"Core/Src/main.o" --specs=nano.specs -mfpu=fpv4-sp-d16 -mfloat-abi=hard -mthumb -o "Core/Src/main.o"
../Core/Src/main.c: In function 'main':
../Core/Src/main.c:123:3: warning: implicit declaration of function 'UARTDMAConfig' [-Wimplicit-function-declaration]
  123 |   UARTDMAConfig();
      |   ^~~~~~~~~~~~~
../Core/Src/main.c:127:4: warning: implicit declaration of function 'main_state_machine' [-Wimplicit-function-declaration]
  127 |    main_state_machine();
      |    ^~~~~~~~~~~~~~~~~~
../Core/Src/main.c:128:4: warning: implicit declaration of function 'DummyTask' [-Wimplicit-function-declaration]
  128 |    DummyTask();
      |    ^~~~~~~~~
../Core/Src/main.c: At top level:
../Core/Src/main.c:268:6: warning: conflicting types for 'UARTDMAConfig'
  268 | void UARTDMAConfig(){
      |      ^~~~~~~~~~~~~
../Core/Src/main.c:123:3: note: previous implicit declaration of 'UARTDMAConfig' was here
  123 |   UARTDMAConfig();
      |   ^~~~~~~~~~~~~
../Core/Src/main.c:272:6: warning: conflicting types for 'DummyTask'
  272 | void DummyTask()
      |      ^~~~~~~~~
../Core/Src/main.c:128:4: note: previous implicit declaration of 'DummyTask' was here
  128 |    DummyTask();
      |    ^~~~~~~~~
../Core/Src/main.c:299:6: warning: conflicting types for 'main_state_machine'
  299 | void main_state_machine(){
      |      ^~~~~~~~~~~~~~~~~~
../Core/Src/main.c:127:4: note: previous implicit declaration of 'main_state_machine' was here
  127 |    main_state_machine();
      |    ^~~~~~~~~~~~~~~~~~
../Core/Src/main.c: In function 'main_state_machine':
../Core/Src/main.c:300:2: warning: enumeration value 'Speed_Up' not handled in switch [-Wswitch]
  300 |  switch (status){
      |  ^~~~~~
../Core/Src/main.c:300:2: warning: enumeration value 'Speed_Down' not handled in switch [-Wswitch]
../Core/Src/main.c:300:2: warning: enumeration value 'On_off' not handled in switch [-Wswitch]
../Core/Src/main.c:300:2: warning: enumeration value 'back' not handled in switch [-Wswitch]
../Core/Src/main.c:300:2: warning: enumeration value 'show_button_status' not handled in switch [-Wswitch]
../Core/Src/main.c: In function 'main':
../Core/Src/main.c:116:72: warning: '  Choose your menu
--------...' directive writing 104 bytes into a region of size 40 [-Wformat-overflow=]
  116 |   sprintf((char*)TxBuffer,"  Choose your menu\r\n-----------------\r\n{0} LED Control\r\n{1} Button Status\r\n-------------------\r\n\r\n\r\n\r\n\r\n");
      |                            ~~~~~~~~~~~~~~~~~~~~~~~~~~~~~~~~~~~~~~~~~~~~^~~~~~~~~~~~~~~~~~~~~~~~~~~~~~~~~~~~~~~~~~~~~~~~~~~~~~~~~~~~~~~~~~~~~~~~~~~~~~
../Core/Src/main.c:116:3: note: 'sprintf' output 105 bytes into a destination of size 40
  116 |   sprintf((char*)TxBuffer,"  Choose your menu\r\n-----------------\r\n{0} LED Control\r\n{1} Button Status\r\n-------------------\r\n\r\n\r\n\r\n\r\n");
      |   ^~~~~~~~~~~~~~~~~~~~~~~~~~~~~~~~~~~~~~~~~~~~~~~~~~~~~~~~~~~~~~~~~~~~~~~~~~~~~~~~~~~~~~~~~~~~~~~~~~~~~~~~~~~~~~~~~~~~~~~~~~~~~~~~~~~~~~~~~~~~~~~~~~~~~
arm-none-eabi-gcc -o "LAB_5.elf" @"objects.list"   -mcpu=cortex-m4 -T"D:\Github\LAB5\LAB_5\STM32F411RETX_FLASH.ld" --specs=nosys.specs -Wl,-Map="LAB_5.map" -Wl,--gc-sections -static --specs=nano.specs -mfpu=fpv4-sp-d16 -mfloat-abi=hard -mthumb -Wl,--start-group -lc -lm -Wl,--end-group
Finished building target: LAB_5.elf
 
arm-none-eabi-size   LAB_5.elf 
arm-none-eabi-objdump -h -S  LAB_5.elf  > "LAB_5.list"
   text	   data	    bss	    dec	    hex	filename
  17744	    124	   1924	  19792	   4d50	LAB_5.elf
Finished building: default.size.stdout
 
Finished building: LAB_5.list
 
23:56:31 **** Incremental Build of configuration Debug for project LAB_5 ****
make -j12 all 
arm-none-eabi-gcc "../Core/Src/main.c" -mcpu=cortex-m4 -std=gnu11 -g3 -DDEBUG -DUSE_HAL_DRIVER -DSTM32F411xE -c -I../Core/Inc -I../Drivers/STM32F4xx_HAL_Driver/Inc -I../Drivers/STM32F4xx_HAL_Driver/Inc/Legacy -I../Drivers/CMSIS/Device/ST/STM32F4xx/Include -I../Drivers/CMSIS/Include -O0 -ffunction-sections -fdata-sections -Wall -fstack-usage -MMD -MP -MF"Core/Src/main.d" -MT"Core/Src/main.o" --specs=nano.specs -mfpu=fpv4-sp-d16 -mfloat-abi=hard -mthumb -o "Core/Src/main.o"
../Core/Src/main.c: In function 'main':
../Core/Src/main.c:123:3: warning: implicit declaration of function 'UARTDMAConfig' [-Wimplicit-function-declaration]
  123 |   UARTDMAConfig();
      |   ^~~~~~~~~~~~~
../Core/Src/main.c:127:4: warning: implicit declaration of function 'main_state_machine' [-Wimplicit-function-declaration]
  127 |    main_state_machine();
      |    ^~~~~~~~~~~~~~~~~~
../Core/Src/main.c:128:4: warning: implicit declaration of function 'DummyTask' [-Wimplicit-function-declaration]
  128 |    DummyTask();
      |    ^~~~~~~~~
../Core/Src/main.c: At top level:
../Core/Src/main.c:268:6: warning: conflicting types for 'UARTDMAConfig'
  268 | void UARTDMAConfig(){
      |      ^~~~~~~~~~~~~
../Core/Src/main.c:123:3: note: previous implicit declaration of 'UARTDMAConfig' was here
  123 |   UARTDMAConfig();
      |   ^~~~~~~~~~~~~
../Core/Src/main.c:272:6: warning: conflicting types for 'DummyTask'
  272 | void DummyTask()
      |      ^~~~~~~~~
../Core/Src/main.c:128:4: note: previous implicit declaration of 'DummyTask' was here
  128 |    DummyTask();
      |    ^~~~~~~~~
../Core/Src/main.c:299:6: warning: conflicting types for 'main_state_machine'
  299 | void main_state_machine(){
      |      ^~~~~~~~~~~~~~~~~~
../Core/Src/main.c:127:4: note: previous implicit declaration of 'main_state_machine' was here
  127 |    main_state_machine();
      |    ^~~~~~~~~~~~~~~~~~
../Core/Src/main.c: In function 'main_state_machine':
../Core/Src/main.c:300:2: warning: enumeration value 'Speed_Up' not handled in switch [-Wswitch]
  300 |  switch (status){
      |  ^~~~~~
../Core/Src/main.c:300:2: warning: enumeration value 'Speed_Down' not handled in switch [-Wswitch]
../Core/Src/main.c:300:2: warning: enumeration value 'On_off' not handled in switch [-Wswitch]
../Core/Src/main.c:300:2: warning: enumeration value 'back' not handled in switch [-Wswitch]
../Core/Src/main.c:300:2: warning: enumeration value 'show_button_status' not handled in switch [-Wswitch]
../Core/Src/main.c: In function 'main':
../Core/Src/main.c:116:72: warning: '  Choose your menu
--------...' directive writing 104 bytes into a region of size 40 [-Wformat-overflow=]
  116 |   sprintf((char*)TxBuffer,"  Choose your menu\r\n-----------------\r\n{0} LED Control\r\n{1} Button Status\r\n-------------------\r\n\r\n\r\n\r\n\r\n");
      |                            ~~~~~~~~~~~~~~~~~~~~~~~~~~~~~~~~~~~~~~~~~~~~^~~~~~~~~~~~~~~~~~~~~~~~~~~~~~~~~~~~~~~~~~~~~~~~~~~~~~~~~~~~~~~~~~~~~~~~~~~~~~
../Core/Src/main.c:116:3: note: 'sprintf' output 105 bytes into a destination of size 40
  116 |   sprintf((char*)TxBuffer,"  Choose your menu\r\n-----------------\r\n{0} LED Control\r\n{1} Button Status\r\n-------------------\r\n\r\n\r\n\r\n\r\n");
      |   ^~~~~~~~~~~~~~~~~~~~~~~~~~~~~~~~~~~~~~~~~~~~~~~~~~~~~~~~~~~~~~~~~~~~~~~~~~~~~~~~~~~~~~~~~~~~~~~~~~~~~~~~~~~~~~~~~~~~~~~~~~~~~~~~~~~~~~~~~~~~~~~~~~~~~
arm-none-eabi-gcc -o "LAB_5.elf" @"objects.list"   -mcpu=cortex-m4 -T"D:\Github\LAB5\LAB_5\STM32F411RETX_FLASH.ld" --specs=nosys.specs -Wl,-Map="LAB_5.map" -Wl,--gc-sections -static --specs=nano.specs -mfpu=fpv4-sp-d16 -mfloat-abi=hard -mthumb -Wl,--start-group -lc -lm -Wl,--end-group
Finished building target: LAB_5.elf
 
arm-none-eabi-size   LAB_5.elf 
arm-none-eabi-objdump -h -S  LAB_5.elf  > "LAB_5.list"
   text	   data	    bss	    dec	    hex	filename
  17744	    124	   1924	  19792	   4d50	LAB_5.elf
Finished building: default.size.stdout
 
Finished building: LAB_5.list
 
04:56:22 **** Build of configuration Debug for project LAB_5 ****
make -j12 all 
arm-none-eabi-gcc "../Core/Src/main.c" -mcpu=cortex-m4 -std=gnu11 -g3 -DDEBUG -DUSE_HAL_DRIVER -DSTM32F411xE -c -I../Core/Inc -I../Drivers/STM32F4xx_HAL_Driver/Inc -I../Drivers/STM32F4xx_HAL_Driver/Inc/Legacy -I../Drivers/CMSIS/Device/ST/STM32F4xx/Include -I../Drivers/CMSIS/Include -O0 -ffunction-sections -fdata-sections -Wall -fstack-usage -MMD -MP -MF"Core/Src/main.d" -MT"Core/Src/main.o" --specs=nano.specs -mfpu=fpv4-sp-d16 -mfloat-abi=hard -mthumb -o "Core/Src/main.o"
../Core/Src/main.c: In function 'main':
../Core/Src/main.c:123:3: warning: implicit declaration of function 'UARTDMAConfig' [-Wimplicit-function-declaration]
  123 |   UARTDMAConfig();
      |   ^~~~~~~~~~~~~
../Core/Src/main.c:127:4: warning: implicit declaration of function 'main_state_machine' [-Wimplicit-function-declaration]
  127 |    main_state_machine();
      |    ^~~~~~~~~~~~~~~~~~
../Core/Src/main.c:128:4: warning: implicit declaration of function 'DummyTask' [-Wimplicit-function-declaration]
  128 |    DummyTask();
      |    ^~~~~~~~~
../Core/Src/main.c: At top level:
../Core/Src/main.c:268:6: warning: conflicting types for 'UARTDMAConfig'
  268 | void UARTDMAConfig(){
      |      ^~~~~~~~~~~~~
../Core/Src/main.c:123:3: note: previous implicit declaration of 'UARTDMAConfig' was here
  123 |   UARTDMAConfig();
      |   ^~~~~~~~~~~~~
../Core/Src/main.c:272:6: warning: conflicting types for 'DummyTask'
  272 | void DummyTask()
      |      ^~~~~~~~~
../Core/Src/main.c:128:4: note: previous implicit declaration of 'DummyTask' was here
  128 |    DummyTask();
      |    ^~~~~~~~~
../Core/Src/main.c:299:6: warning: conflicting types for 'main_state_machine'
  299 | void main_state_machine(){
      |      ^~~~~~~~~~~~~~~~~~
../Core/Src/main.c:127:4: note: previous implicit declaration of 'main_state_machine' was here
  127 |    main_state_machine();
      |    ^~~~~~~~~~~~~~~~~~
../Core/Src/main.c: In function 'main_state_machine':
../Core/Src/main.c:300:2: warning: enumeration value 'Speed_Up' not handled in switch [-Wswitch]
  300 |  switch (status){
      |  ^~~~~~
../Core/Src/main.c:300:2: warning: enumeration value 'Speed_Down' not handled in switch [-Wswitch]
../Core/Src/main.c:300:2: warning: enumeration value 'On_off' not handled in switch [-Wswitch]
../Core/Src/main.c:300:2: warning: enumeration value 'back' not handled in switch [-Wswitch]
../Core/Src/main.c:300:2: warning: enumeration value 'show_button_status' not handled in switch [-Wswitch]
arm-none-eabi-gcc -o "LAB_5.elf" @"objects.list"   -mcpu=cortex-m4 -T"D:\Github\LAB5\LAB_5\STM32F411RETX_FLASH.ld" --specs=nosys.specs -Wl,-Map="LAB_5.map" -Wl,--gc-sections -static --specs=nano.specs -mfpu=fpv4-sp-d16 -mfloat-abi=hard -mthumb -Wl,--start-group -lc -lm -Wl,--end-group
Finished building target: LAB_5.elf
 
arm-none-eabi-size   LAB_5.elf 
arm-none-eabi-objdump -h -S  LAB_5.elf  > "LAB_5.list"
   text	   data	    bss	    dec	    hex	filename
  17744	    124	   2284	  20152	   4eb8	LAB_5.elf
Finished building: default.size.stdout
 
Finished building: LAB_5.list
 
05:02:50 **** Incremental Build of configuration Debug for project LAB_5 ****
make -j12 all 
arm-none-eabi-gcc "../Core/Src/main.c" -mcpu=cortex-m4 -std=gnu11 -g3 -DDEBUG -DUSE_HAL_DRIVER -DSTM32F411xE -c -I../Core/Inc -I../Drivers/STM32F4xx_HAL_Driver/Inc -I../Drivers/STM32F4xx_HAL_Driver/Inc/Legacy -I../Drivers/CMSIS/Device/ST/STM32F4xx/Include -I../Drivers/CMSIS/Include -O0 -ffunction-sections -fdata-sections -Wall -fstack-usage -MMD -MP -MF"Core/Src/main.d" -MT"Core/Src/main.o" --specs=nano.specs -mfpu=fpv4-sp-d16 -mfloat-abi=hard -mthumb -o "Core/Src/main.o"
../Core/Src/main.c: In function 'main':
../Core/Src/main.c:123:3: warning: implicit declaration of function 'UARTDMAConfig' [-Wimplicit-function-declaration]
  123 |   UARTDMAConfig();
      |   ^~~~~~~~~~~~~
../Core/Src/main.c:127:4: warning: implicit declaration of function 'main_state_machine' [-Wimplicit-function-declaration]
  127 |    main_state_machine();
      |    ^~~~~~~~~~~~~~~~~~
../Core/Src/main.c:128:4: warning: implicit declaration of function 'DummyTask' [-Wimplicit-function-declaration]
  128 |    DummyTask();
      |    ^~~~~~~~~
../Core/Src/main.c: At top level:
../Core/Src/main.c:268:6: warning: conflicting types for 'UARTDMAConfig'
  268 | void UARTDMAConfig(){
      |      ^~~~~~~~~~~~~
../Core/Src/main.c:123:3: note: previous implicit declaration of 'UARTDMAConfig' was here
  123 |   UARTDMAConfig();
      |   ^~~~~~~~~~~~~
../Core/Src/main.c:272:6: warning: conflicting types for 'DummyTask'
  272 | void DummyTask()
      |      ^~~~~~~~~
../Core/Src/main.c:128:4: note: previous implicit declaration of 'DummyTask' was here
  128 |    DummyTask();
      |    ^~~~~~~~~
../Core/Src/main.c:299:6: warning: conflicting types for 'main_state_machine'
  299 | void main_state_machine(){
      |      ^~~~~~~~~~~~~~~~~~
../Core/Src/main.c:127:4: note: previous implicit declaration of 'main_state_machine' was here
  127 |    main_state_machine();
      |    ^~~~~~~~~~~~~~~~~~
../Core/Src/main.c: In function 'main_state_machine':
../Core/Src/main.c:300:2: warning: enumeration value 'Speed_Up' not handled in switch [-Wswitch]
  300 |  switch (status){
      |  ^~~~~~
../Core/Src/main.c:300:2: warning: enumeration value 'Speed_Down' not handled in switch [-Wswitch]
../Core/Src/main.c:300:2: warning: enumeration value 'On_off' not handled in switch [-Wswitch]
../Core/Src/main.c:300:2: warning: enumeration value 'back' not handled in switch [-Wswitch]
../Core/Src/main.c:300:2: warning: enumeration value 'show_button_status' not handled in switch [-Wswitch]
arm-none-eabi-gcc -o "LAB_5.elf" @"objects.list"   -mcpu=cortex-m4 -T"D:\Github\LAB5\LAB_5\STM32F411RETX_FLASH.ld" --specs=nosys.specs -Wl,-Map="LAB_5.map" -Wl,--gc-sections -static --specs=nano.specs -mfpu=fpv4-sp-d16 -mfloat-abi=hard -mthumb -Wl,--start-group -lc -lm -Wl,--end-group
Finished building target: LAB_5.elf
 
arm-none-eabi-size   LAB_5.elf 
arm-none-eabi-objdump -h -S  LAB_5.elf  > "LAB_5.list"
   text	   data	    bss	    dec	    hex	filename
  17864	    124	   2284	  20272	   4f30	LAB_5.elf
Finished building: default.size.stdout
 
Finished building: LAB_5.list
 
05:03:34 **** Incremental Build of configuration Debug for project LAB_5 ****
make -j12 all 
arm-none-eabi-gcc "../Core/Src/main.c" -mcpu=cortex-m4 -std=gnu11 -g3 -DDEBUG -DUSE_HAL_DRIVER -DSTM32F411xE -c -I../Core/Inc -I../Drivers/STM32F4xx_HAL_Driver/Inc -I../Drivers/STM32F4xx_HAL_Driver/Inc/Legacy -I../Drivers/CMSIS/Device/ST/STM32F4xx/Include -I../Drivers/CMSIS/Include -O0 -ffunction-sections -fdata-sections -Wall -fstack-usage -MMD -MP -MF"Core/Src/main.d" -MT"Core/Src/main.o" --specs=nano.specs -mfpu=fpv4-sp-d16 -mfloat-abi=hard -mthumb -o "Core/Src/main.o"
../Core/Src/main.c: In function 'main':
../Core/Src/main.c:123:3: warning: implicit declaration of function 'UARTDMAConfig' [-Wimplicit-function-declaration]
  123 |   UARTDMAConfig();
      |   ^~~~~~~~~~~~~
../Core/Src/main.c:127:4: warning: implicit declaration of function 'main_state_machine' [-Wimplicit-function-declaration]
  127 |    main_state_machine();
      |    ^~~~~~~~~~~~~~~~~~
../Core/Src/main.c:128:4: warning: implicit declaration of function 'DummyTask' [-Wimplicit-function-declaration]
  128 |    DummyTask();
      |    ^~~~~~~~~
../Core/Src/main.c: At top level:
../Core/Src/main.c:268:6: warning: conflicting types for 'UARTDMAConfig'
  268 | void UARTDMAConfig(){
      |      ^~~~~~~~~~~~~
../Core/Src/main.c:123:3: note: previous implicit declaration of 'UARTDMAConfig' was here
  123 |   UARTDMAConfig();
      |   ^~~~~~~~~~~~~
../Core/Src/main.c:272:6: warning: conflicting types for 'DummyTask'
  272 | void DummyTask()
      |      ^~~~~~~~~
../Core/Src/main.c:128:4: note: previous implicit declaration of 'DummyTask' was here
  128 |    DummyTask();
      |    ^~~~~~~~~
../Core/Src/main.c:299:6: warning: conflicting types for 'main_state_machine'
  299 | void main_state_machine(){
      |      ^~~~~~~~~~~~~~~~~~
../Core/Src/main.c:127:4: note: previous implicit declaration of 'main_state_machine' was here
  127 |    main_state_machine();
      |    ^~~~~~~~~~~~~~~~~~
../Core/Src/main.c: In function 'main_state_machine':
../Core/Src/main.c:300:2: warning: enumeration value 'Speed_Up' not handled in switch [-Wswitch]
  300 |  switch (status){
      |  ^~~~~~
../Core/Src/main.c:300:2: warning: enumeration value 'Speed_Down' not handled in switch [-Wswitch]
../Core/Src/main.c:300:2: warning: enumeration value 'On_off' not handled in switch [-Wswitch]
../Core/Src/main.c:300:2: warning: enumeration value 'back' not handled in switch [-Wswitch]
../Core/Src/main.c:300:2: warning: enumeration value 'show_button_status' not handled in switch [-Wswitch]
arm-none-eabi-gcc -o "LAB_5.elf" @"objects.list"   -mcpu=cortex-m4 -T"D:\Github\LAB5\LAB_5\STM32F411RETX_FLASH.ld" --specs=nosys.specs -Wl,-Map="LAB_5.map" -Wl,--gc-sections -static --specs=nano.specs -mfpu=fpv4-sp-d16 -mfloat-abi=hard -mthumb -Wl,--start-group -lc -lm -Wl,--end-group
Finished building target: LAB_5.elf
 
arm-none-eabi-size   LAB_5.elf 
arm-none-eabi-objdump -h -S  LAB_5.elf  > "LAB_5.list"
   text	   data	    bss	    dec	    hex	filename
  17864	    124	   2284	  20272	   4f30	LAB_5.elf
Finished building: default.size.stdout
 
Finished building: LAB_5.list
 
05:05:58 **** Incremental Build of configuration Debug for project LAB_5 ****
make -j12 all 
arm-none-eabi-gcc "../Core/Src/main.c" -mcpu=cortex-m4 -std=gnu11 -g3 -DDEBUG -DUSE_HAL_DRIVER -DSTM32F411xE -c -I../Core/Inc -I../Drivers/STM32F4xx_HAL_Driver/Inc -I../Drivers/STM32F4xx_HAL_Driver/Inc/Legacy -I../Drivers/CMSIS/Device/ST/STM32F4xx/Include -I../Drivers/CMSIS/Include -O0 -ffunction-sections -fdata-sections -Wall -fstack-usage -MMD -MP -MF"Core/Src/main.d" -MT"Core/Src/main.o" --specs=nano.specs -mfpu=fpv4-sp-d16 -mfloat-abi=hard -mthumb -o "Core/Src/main.o"
../Core/Src/main.c: In function 'main':
../Core/Src/main.c:123:3: warning: implicit declaration of function 'UARTDMAConfig' [-Wimplicit-function-declaration]
  123 |   UARTDMAConfig();
      |   ^~~~~~~~~~~~~
../Core/Src/main.c:127:4: warning: implicit declaration of function 'main_state_machine' [-Wimplicit-function-declaration]
  127 |    main_state_machine();
      |    ^~~~~~~~~~~~~~~~~~
../Core/Src/main.c:128:4: warning: implicit declaration of function 'DummyTask' [-Wimplicit-function-declaration]
  128 |    DummyTask();
      |    ^~~~~~~~~
../Core/Src/main.c: At top level:
../Core/Src/main.c:268:6: warning: conflicting types for 'UARTDMAConfig'
  268 | void UARTDMAConfig(){
      |      ^~~~~~~~~~~~~
../Core/Src/main.c:123:3: note: previous implicit declaration of 'UARTDMAConfig' was here
  123 |   UARTDMAConfig();
      |   ^~~~~~~~~~~~~
../Core/Src/main.c:272:6: warning: conflicting types for 'DummyTask'
  272 | void DummyTask()
      |      ^~~~~~~~~
../Core/Src/main.c:128:4: note: previous implicit declaration of 'DummyTask' was here
  128 |    DummyTask();
      |    ^~~~~~~~~
../Core/Src/main.c:299:6: warning: conflicting types for 'main_state_machine'
  299 | void main_state_machine(){
      |      ^~~~~~~~~~~~~~~~~~
../Core/Src/main.c:127:4: note: previous implicit declaration of 'main_state_machine' was here
  127 |    main_state_machine();
      |    ^~~~~~~~~~~~~~~~~~
../Core/Src/main.c: In function 'main_state_machine':
../Core/Src/main.c:300:2: warning: enumeration value 'Speed_Up' not handled in switch [-Wswitch]
  300 |  switch (status){
      |  ^~~~~~
../Core/Src/main.c:300:2: warning: enumeration value 'Speed_Down' not handled in switch [-Wswitch]
../Core/Src/main.c:300:2: warning: enumeration value 'On_off' not handled in switch [-Wswitch]
../Core/Src/main.c:300:2: warning: enumeration value 'back' not handled in switch [-Wswitch]
../Core/Src/main.c:300:2: warning: enumeration value 'show_button_status' not handled in switch [-Wswitch]
arm-none-eabi-gcc -o "LAB_5.elf" @"objects.list"   -mcpu=cortex-m4 -T"D:\Github\LAB5\LAB_5\STM32F411RETX_FLASH.ld" --specs=nosys.specs -Wl,-Map="LAB_5.map" -Wl,--gc-sections -static --specs=nano.specs -mfpu=fpv4-sp-d16 -mfloat-abi=hard -mthumb -Wl,--start-group -lc -lm -Wl,--end-group
Finished building target: LAB_5.elf
 
arm-none-eabi-size   LAB_5.elf 
arm-none-eabi-objdump -h -S  LAB_5.elf  > "LAB_5.list"
   text	   data	    bss	    dec	    hex	filename
  17904	    124	   2284	  20312	   4f58	LAB_5.elf
Finished building: default.size.stdout
 
Finished building: LAB_5.list
 
05:07:44 **** Incremental Build of configuration Debug for project LAB_5 ****
make -j12 all 
arm-none-eabi-gcc "../Core/Src/main.c" -mcpu=cortex-m4 -std=gnu11 -g3 -DDEBUG -DUSE_HAL_DRIVER -DSTM32F411xE -c -I../Core/Inc -I../Drivers/STM32F4xx_HAL_Driver/Inc -I../Drivers/STM32F4xx_HAL_Driver/Inc/Legacy -I../Drivers/CMSIS/Device/ST/STM32F4xx/Include -I../Drivers/CMSIS/Include -O0 -ffunction-sections -fdata-sections -Wall -fstack-usage -MMD -MP -MF"Core/Src/main.d" -MT"Core/Src/main.o" --specs=nano.specs -mfpu=fpv4-sp-d16 -mfloat-abi=hard -mthumb -o "Core/Src/main.o"
../Core/Src/main.c: In function 'main':
../Core/Src/main.c:123:3: warning: implicit declaration of function 'UARTDMAConfig' [-Wimplicit-function-declaration]
  123 |   UARTDMAConfig();
      |   ^~~~~~~~~~~~~
../Core/Src/main.c:127:4: warning: implicit declaration of function 'main_state_machine' [-Wimplicit-function-declaration]
  127 |    main_state_machine();
      |    ^~~~~~~~~~~~~~~~~~
../Core/Src/main.c:128:4: warning: implicit declaration of function 'DummyTask' [-Wimplicit-function-declaration]
  128 |    DummyTask();
      |    ^~~~~~~~~
../Core/Src/main.c: At top level:
../Core/Src/main.c:268:6: warning: conflicting types for 'UARTDMAConfig'
  268 | void UARTDMAConfig(){
      |      ^~~~~~~~~~~~~
../Core/Src/main.c:123:3: note: previous implicit declaration of 'UARTDMAConfig' was here
  123 |   UARTDMAConfig();
      |   ^~~~~~~~~~~~~
../Core/Src/main.c:272:6: warning: conflicting types for 'DummyTask'
  272 | void DummyTask()
      |      ^~~~~~~~~
../Core/Src/main.c:128:4: note: previous implicit declaration of 'DummyTask' was here
  128 |    DummyTask();
      |    ^~~~~~~~~
../Core/Src/main.c:299:6: warning: conflicting types for 'main_state_machine'
  299 | void main_state_machine(){
      |      ^~~~~~~~~~~~~~~~~~
../Core/Src/main.c:127:4: note: previous implicit declaration of 'main_state_machine' was here
  127 |    main_state_machine();
      |    ^~~~~~~~~~~~~~~~~~
../Core/Src/main.c: In function 'main_state_machine':
../Core/Src/main.c:300:2: warning: enumeration value 'Speed_Up' not handled in switch [-Wswitch]
  300 |  switch (status){
      |  ^~~~~~
../Core/Src/main.c:300:2: warning: enumeration value 'Speed_Down' not handled in switch [-Wswitch]
../Core/Src/main.c:300:2: warning: enumeration value 'On_off' not handled in switch [-Wswitch]
../Core/Src/main.c:300:2: warning: enumeration value 'back' not handled in switch [-Wswitch]
../Core/Src/main.c:300:2: warning: enumeration value 'show_button_status' not handled in switch [-Wswitch]
arm-none-eabi-gcc -o "LAB_5.elf" @"objects.list"   -mcpu=cortex-m4 -T"D:\Github\LAB5\LAB_5\STM32F411RETX_FLASH.ld" --specs=nosys.specs -Wl,-Map="LAB_5.map" -Wl,--gc-sections -static --specs=nano.specs -mfpu=fpv4-sp-d16 -mfloat-abi=hard -mthumb -Wl,--start-group -lc -lm -Wl,--end-group
Finished building target: LAB_5.elf
 
arm-none-eabi-size   LAB_5.elf 
arm-none-eabi-objdump -h -S  LAB_5.elf  > "LAB_5.list"
   text	   data	    bss	    dec	    hex	filename
  17904	    124	   2884	  20912	   51b0	LAB_5.elf
Finished building: default.size.stdout
 
Finished building: LAB_5.list
 
05:10:05 **** Incremental Build of configuration Debug for project LAB_5 ****
make -j12 all 
arm-none-eabi-gcc "../Core/Src/main.c" -mcpu=cortex-m4 -std=gnu11 -g3 -DDEBUG -DUSE_HAL_DRIVER -DSTM32F411xE -c -I../Core/Inc -I../Drivers/STM32F4xx_HAL_Driver/Inc -I../Drivers/STM32F4xx_HAL_Driver/Inc/Legacy -I../Drivers/CMSIS/Device/ST/STM32F4xx/Include -I../Drivers/CMSIS/Include -O0 -ffunction-sections -fdata-sections -Wall -fstack-usage -MMD -MP -MF"Core/Src/main.d" -MT"Core/Src/main.o" --specs=nano.specs -mfpu=fpv4-sp-d16 -mfloat-abi=hard -mthumb -o "Core/Src/main.o"
../Core/Src/main.c: In function 'main':
../Core/Src/main.c:123:3: warning: implicit declaration of function 'UARTDMAConfig' [-Wimplicit-function-declaration]
  123 |   UARTDMAConfig();
      |   ^~~~~~~~~~~~~
../Core/Src/main.c:127:4: warning: implicit declaration of function 'main_state_machine' [-Wimplicit-function-declaration]
  127 |    main_state_machine();
      |    ^~~~~~~~~~~~~~~~~~
../Core/Src/main.c:128:4: warning: implicit declaration of function 'DummyTask' [-Wimplicit-function-declaration]
  128 |    DummyTask();
      |    ^~~~~~~~~
../Core/Src/main.c: At top level:
../Core/Src/main.c:268:6: warning: conflicting types for 'UARTDMAConfig'
  268 | void UARTDMAConfig(){
      |      ^~~~~~~~~~~~~
../Core/Src/main.c:123:3: note: previous implicit declaration of 'UARTDMAConfig' was here
  123 |   UARTDMAConfig();
      |   ^~~~~~~~~~~~~
../Core/Src/main.c:272:6: warning: conflicting types for 'DummyTask'
  272 | void DummyTask()
      |      ^~~~~~~~~
../Core/Src/main.c:128:4: note: previous implicit declaration of 'DummyTask' was here
  128 |    DummyTask();
      |    ^~~~~~~~~
../Core/Src/main.c:299:6: warning: conflicting types for 'main_state_machine'
  299 | void main_state_machine(){
      |      ^~~~~~~~~~~~~~~~~~
../Core/Src/main.c:127:4: note: previous implicit declaration of 'main_state_machine' was here
  127 |    main_state_machine();
      |    ^~~~~~~~~~~~~~~~~~
../Core/Src/main.c: In function 'main_state_machine':
../Core/Src/main.c:300:2: warning: enumeration value 'Speed_Up' not handled in switch [-Wswitch]
  300 |  switch (status){
      |  ^~~~~~
../Core/Src/main.c:300:2: warning: enumeration value 'Speed_Down' not handled in switch [-Wswitch]
../Core/Src/main.c:300:2: warning: enumeration value 'On_off' not handled in switch [-Wswitch]
../Core/Src/main.c:300:2: warning: enumeration value 'back' not handled in switch [-Wswitch]
../Core/Src/main.c:300:2: warning: enumeration value 'show_button_status' not handled in switch [-Wswitch]
arm-none-eabi-gcc -o "LAB_5.elf" @"objects.list"   -mcpu=cortex-m4 -T"D:\Github\LAB5\LAB_5\STM32F411RETX_FLASH.ld" --specs=nosys.specs -Wl,-Map="LAB_5.map" -Wl,--gc-sections -static --specs=nano.specs -mfpu=fpv4-sp-d16 -mfloat-abi=hard -mthumb -Wl,--start-group -lc -lm -Wl,--end-group
Finished building target: LAB_5.elf
 
arm-none-eabi-size   LAB_5.elf 
arm-none-eabi-objdump -h -S  LAB_5.elf  > "LAB_5.list"
   text	   data	    bss	    dec	    hex	filename
  18360	    124	   2884	  21368	   5378	LAB_5.elf
Finished building: default.size.stdout
 
Finished building: LAB_5.list
 
05:11:25 **** Incremental Build of configuration Debug for project LAB_5 ****
make -j12 all 
arm-none-eabi-gcc "../Core/Src/main.c" -mcpu=cortex-m4 -std=gnu11 -g3 -DDEBUG -DUSE_HAL_DRIVER -DSTM32F411xE -c -I../Core/Inc -I../Drivers/STM32F4xx_HAL_Driver/Inc -I../Drivers/STM32F4xx_HAL_Driver/Inc/Legacy -I../Drivers/CMSIS/Device/ST/STM32F4xx/Include -I../Drivers/CMSIS/Include -O0 -ffunction-sections -fdata-sections -Wall -fstack-usage -MMD -MP -MF"Core/Src/main.d" -MT"Core/Src/main.o" --specs=nano.specs -mfpu=fpv4-sp-d16 -mfloat-abi=hard -mthumb -o "Core/Src/main.o"
../Core/Src/main.c: In function 'main':
../Core/Src/main.c:123:3: warning: implicit declaration of function 'UARTDMAConfig' [-Wimplicit-function-declaration]
  123 |   UARTDMAConfig();
      |   ^~~~~~~~~~~~~
../Core/Src/main.c:127:4: warning: implicit declaration of function 'main_state_machine' [-Wimplicit-function-declaration]
  127 |    main_state_machine();
      |    ^~~~~~~~~~~~~~~~~~
../Core/Src/main.c:128:4: warning: implicit declaration of function 'DummyTask' [-Wimplicit-function-declaration]
  128 |    DummyTask();
      |    ^~~~~~~~~
../Core/Src/main.c: At top level:
../Core/Src/main.c:268:6: warning: conflicting types for 'UARTDMAConfig'
  268 | void UARTDMAConfig(){
      |      ^~~~~~~~~~~~~
../Core/Src/main.c:123:3: note: previous implicit declaration of 'UARTDMAConfig' was here
  123 |   UARTDMAConfig();
      |   ^~~~~~~~~~~~~
../Core/Src/main.c:272:6: warning: conflicting types for 'DummyTask'
  272 | void DummyTask()
      |      ^~~~~~~~~
../Core/Src/main.c:128:4: note: previous implicit declaration of 'DummyTask' was here
  128 |    DummyTask();
      |    ^~~~~~~~~
../Core/Src/main.c:299:6: warning: conflicting types for 'main_state_machine'
  299 | void main_state_machine(){
      |      ^~~~~~~~~~~~~~~~~~
../Core/Src/main.c:127:4: note: previous implicit declaration of 'main_state_machine' was here
  127 |    main_state_machine();
      |    ^~~~~~~~~~~~~~~~~~
../Core/Src/main.c: In function 'main_state_machine':
../Core/Src/main.c:300:2: warning: enumeration value 'Speed_Up' not handled in switch [-Wswitch]
  300 |  switch (status){
      |  ^~~~~~
../Core/Src/main.c:300:2: warning: enumeration value 'Speed_Down' not handled in switch [-Wswitch]
../Core/Src/main.c:300:2: warning: enumeration value 'On_off' not handled in switch [-Wswitch]
../Core/Src/main.c:300:2: warning: enumeration value 'back' not handled in switch [-Wswitch]
../Core/Src/main.c:300:2: warning: enumeration value 'show_button_status' not handled in switch [-Wswitch]
arm-none-eabi-gcc -o "LAB_5.elf" @"objects.list"   -mcpu=cortex-m4 -T"D:\Github\LAB5\LAB_5\STM32F411RETX_FLASH.ld" --specs=nosys.specs -Wl,-Map="LAB_5.map" -Wl,--gc-sections -static --specs=nano.specs -mfpu=fpv4-sp-d16 -mfloat-abi=hard -mthumb -Wl,--start-group -lc -lm -Wl,--end-group
Finished building target: LAB_5.elf
 
arm-none-eabi-size   LAB_5.elf 
arm-none-eabi-objdump -h -S  LAB_5.elf  > "LAB_5.list"
   text	   data	    bss	    dec	    hex	filename
  18112	    124	   2884	  21120	   5280	LAB_5.elf
Finished building: default.size.stdout
 
Finished building: LAB_5.list
 
05:12:33 **** Incremental Build of configuration Debug for project LAB_5 ****
make -j12 all 
arm-none-eabi-gcc "../Core/Src/main.c" -mcpu=cortex-m4 -std=gnu11 -g3 -DDEBUG -DUSE_HAL_DRIVER -DSTM32F411xE -c -I../Core/Inc -I../Drivers/STM32F4xx_HAL_Driver/Inc -I../Drivers/STM32F4xx_HAL_Driver/Inc/Legacy -I../Drivers/CMSIS/Device/ST/STM32F4xx/Include -I../Drivers/CMSIS/Include -O0 -ffunction-sections -fdata-sections -Wall -fstack-usage -MMD -MP -MF"Core/Src/main.d" -MT"Core/Src/main.o" --specs=nano.specs -mfpu=fpv4-sp-d16 -mfloat-abi=hard -mthumb -o "Core/Src/main.o"
../Core/Src/main.c: In function 'main':
../Core/Src/main.c:123:3: warning: implicit declaration of function 'UARTDMAConfig' [-Wimplicit-function-declaration]
  123 |   UARTDMAConfig();
      |   ^~~~~~~~~~~~~
../Core/Src/main.c:127:4: warning: implicit declaration of function 'main_state_machine' [-Wimplicit-function-declaration]
  127 |    main_state_machine();
      |    ^~~~~~~~~~~~~~~~~~
../Core/Src/main.c:128:4: warning: implicit declaration of function 'DummyTask' [-Wimplicit-function-declaration]
  128 |    DummyTask();
      |    ^~~~~~~~~
../Core/Src/main.c: At top level:
../Core/Src/main.c:268:6: warning: conflicting types for 'UARTDMAConfig'
  268 | void UARTDMAConfig(){
      |      ^~~~~~~~~~~~~
../Core/Src/main.c:123:3: note: previous implicit declaration of 'UARTDMAConfig' was here
  123 |   UARTDMAConfig();
      |   ^~~~~~~~~~~~~
../Core/Src/main.c:272:6: warning: conflicting types for 'DummyTask'
  272 | void DummyTask()
      |      ^~~~~~~~~
../Core/Src/main.c:128:4: note: previous implicit declaration of 'DummyTask' was here
  128 |    DummyTask();
      |    ^~~~~~~~~
../Core/Src/main.c:299:6: warning: conflicting types for 'main_state_machine'
  299 | void main_state_machine(){
      |      ^~~~~~~~~~~~~~~~~~
../Core/Src/main.c:127:4: note: previous implicit declaration of 'main_state_machine' was here
  127 |    main_state_machine();
      |    ^~~~~~~~~~~~~~~~~~
../Core/Src/main.c: In function 'main_state_machine':
../Core/Src/main.c:300:2: warning: enumeration value 'Speed_Up' not handled in switch [-Wswitch]
  300 |  switch (status){
      |  ^~~~~~
../Core/Src/main.c:300:2: warning: enumeration value 'Speed_Down' not handled in switch [-Wswitch]
../Core/Src/main.c:300:2: warning: enumeration value 'On_off' not handled in switch [-Wswitch]
../Core/Src/main.c:300:2: warning: enumeration value 'back' not handled in switch [-Wswitch]
../Core/Src/main.c:300:2: warning: enumeration value 'show_button_status' not handled in switch [-Wswitch]
arm-none-eabi-gcc -o "LAB_5.elf" @"objects.list"   -mcpu=cortex-m4 -T"D:\Github\LAB5\LAB_5\STM32F411RETX_FLASH.ld" --specs=nosys.specs -Wl,-Map="LAB_5.map" -Wl,--gc-sections -static --specs=nano.specs -mfpu=fpv4-sp-d16 -mfloat-abi=hard -mthumb -Wl,--start-group -lc -lm -Wl,--end-group
Finished building target: LAB_5.elf
 
arm-none-eabi-size   LAB_5.elf 
arm-none-eabi-objdump -h -S  LAB_5.elf  > "LAB_5.list"
   text	   data	    bss	    dec	    hex	filename
  17976	    124	   2884	  20984	   51f8	LAB_5.elf
Finished building: default.size.stdout
 
Finished building: LAB_5.list
 
